[pixydrops.com/remons/index.html]
[backblue.gif]
[fade.gif]
[index.html]
[pixydrops.com/remons/assets/img/favicon.png]
[pixydrops.com/remons/assets/css/bootstrap.min.css]
[pixydrops.com/remons/assets/css/all.min.css]
[pixydrops.com/remons/assets/css/animate.css]
[pixydrops.com/remons/assets/css/magnific-popup.css]
[pixydrops.com/remons/assets/css/meanmenu.css]
[pixydrops.com/remons/assets/css/datepickerboot.css]
[pixydrops.com/remons/assets/css/swiper-bundle.min.css]
[pixydrops.com/remons/assets/css/nice-select.css]
[pixydrops.com/remons/assets/css/main.css]
[pixydrops.com/remons/assets/img/logo/black-logo.svg]
[pixydrops.com/remons/contact.html]
[pixydrops.com/remons/index-2.html]
[pixydrops.com/remons/index-3.html]
[pixydrops.com/remons/about.html]
[pixydrops.com/remons/news.html]
[pixydrops.com/remons/gallery.html]
[pixydrops.com/remons/faq.html]
[pixydrops.com/remons/program-details.html]
[pixydrops.com/remons/car-grid.html]
[pixydrops.com/remons/car-list.html]
[pixydrops.com/remons/car-list-sidebar.html]
[pixydrops.com/remons/car-details.html]
[pixydrops.com/remons/news-details.html]
[pixydrops.com/remons/assets/img/hero/hero-1.jpg]
[pixydrops.com/remons/assets/img/hero/overlay.png]
[pixydrops.com/remons/assets/img/hero/hero-2.jpg]
[pixydrops.com/remons/assets/img/brand-bg.png]
[pixydrops.com/remons/assets/img/brand/01.png]
[pixydrops.com/remons/assets/img/brand/02.png]
[pixydrops.com/remons/assets/img/brand/03.png]
[pixydrops.com/remons/assets/img/brand/04.png]
[pixydrops.com/remons/assets/img/brand/05.png]
[pixydrops.com/remons/assets/img/brand/06.png]
[pixydrops.com/remons/assets/img/sub-icon.png]
[pixydrops.com/remons/assets/img/feature-benefit/box-icon-bg1.png]
[pixydrops.com/remons/assets/img/feature-benefit/bg-button-iconbox.png]
[pixydrops.com/remons/assets/img/feature-benefit/icon-1.png]
[pixydrops.com/remons/assets/img/feature-benefit/box-icon-bg2.png]
[pixydrops.com/remons/assets/img/feature-benefit/icon-2.png]
[pixydrops.com/remons/assets/img/feature-benefit/box-icon-bg3.png]
[pixydrops.com/remons/assets/img/feature-benefit/icon-3.png]
[pixydrops.com/remons/assets/img/about/secondary-shape-color-full.png]
[pixydrops.com/remons/assets/img/about/car-shape.png]
[pixydrops.com/remons/assets/img/about/01.jpg]
[pixydrops.com/remons/assets/img/about/02.jpg]
[pixydrops.com/remons/assets/img/car/01.jpg]
[pixydrops.com/remons/assets/img/car/seat.svg]
[pixydrops.com/remons/assets/img/car/door.svg]
[pixydrops.com/remons/assets/img/car/automatic.svg]
[pixydrops.com/remons/assets/img/car/petrol.svg]
[pixydrops.com/remons/assets/img/car/02.jpg]
[pixydrops.com/remons/assets/img/car/03.jpg]
[pixydrops.com/remons/assets/img/car/04.jpg]
[pixydrops.com/remons/assets/img/car/shape-column.png]
[pixydrops.com/remons/assets/img/decor-image-contact-home.jpg]
[pixydrops.com/remons/assets/img/car/secondary-shape-color.png]
[pixydrops.com/remons/assets/img/funfact-bg.jpg]
[pixydrops.com/remons/assets/img/sub-icon-2.png]
[pixydrops.com/remons/assets/img/icon/car.png]
[pixydrops.com/remons/assets/img/icon/center.png]
[pixydrops.com/remons/assets/img/icon/like.png]
[pixydrops.com/remons/assets/img/car/popular-car-1.jpg]
[pixydrops.com/remons/assets/img/car/popular-car-2.jpg]
[pixydrops.com/remons/assets/img/car/popular-car-3.jpg]
[pixydrops.com/remons/assets/img/car/popular-car-4.jpg]
[pixydrops.com/remons/assets/img/car/popular-car-5.jpg]
[pixydrops.com/remons/assets/img/car/popular-car-6.jpg]
[pixydrops.com/remons/assets/img/testimonial/testimonial-bg.jpg]
[pixydrops.com/remons/assets/img/testimonial/client-1.png]
[pixydrops.com/remons/assets/img/testimonial/client-2.png]
[pixydrops.com/remons/assets/img/testimonial/client-3.png]
[pixydrops.com/remons/assets/img/gallery/g-1.jpg]
[pixydrops.com/remons/assets/img/gallery/g-2.jpg]
[pixydrops.com/remons/assets/img/gallery/g-3.jpg]
[pixydrops.com/remons/assets/img/gallery/g-4.jpg]
[pixydrops.com/remons/assets/img/gallery/g-5.jpg]
[pixydrops.com/remons/assets/img/gallery/g-6.jpg]
[pixydrops.com/remons/assets/img/gallery/g-7.jpg]
[pixydrops.com/remons/assets/img/gallery/g-8.jpg]
[pixydrops.com/remons/assets/img/gallery/g-9.jpg]
[pixydrops.com/remons/assets/img/news/01.jpg]
[pixydrops.com/remons/assets/img/news/client.png]
[pixydrops.com/remons/assets/img/news/02.jpg]
[pixydrops.com/remons/assets/img/news/03.jpg]
[pixydrops.com/remons/assets/img/cta/bg-app.jpg]
[pixydrops.com/remons/assets/img/mobile-remons.png]
[pixydrops.com/remons/assets/img/logo/white-logo.svg]
[pixydrops.com/remons/assets/img/footer/gallery-1.jpg]
[pixydrops.com/remons/assets/img/footer/gallery-2.jpg]
[pixydrops.com/remons/assets/img/footer/gallery-3.jpg]
[pixydrops.com/remons/assets/img/footer/gallery-4.jpg]
[pixydrops.com/remons/assets/img/footer/gallery-5.jpg]
[pixydrops.com/remons/assets/img/footer/gallery-6.jpg]
[pixydrops.com/remons/assets/js/jquery-3.7.1.min.js]
[pixydrops.com/remons/assets/js/viewport.jquery.js]
[pixydrops.com/remons/assets/js/bootstrap.bundle.min.js]
[pixydrops.com/remons/assets/js/jquery.nice-select.min.js]
[pixydrops.com/remons/assets/js/jquery.waypoints.js]
[pixydrops.com/remons/assets/js/jquery.counterup.min.js]
[pixydrops.com/remons/assets/js/bootstrap-datepicker.js]
[pixydrops.com/remons/assets/js/swiper-bundle.min.js]
[pixydrops.com/remons/assets/js/jquery.meanmenu.min.js]
[pixydrops.com/remons/assets/js/jquery.magnific-popup.min.js]
[pixydrops.com/remons/assets/js/animation.js]
[pixydrops.com/remons/assets/js/wow.min.js]
[pixydrops.com/remons/index.html]
[pixydrops.com/remons/assets/css/bootstrap.min.css]
[pixydrops.com/remons/assets/js/main.js]
[pixydrops.com/remons/assets/webfonts/fa-brands-400.woff2]
[pixydrops.com/remons/assets/webfonts/fa-brands-400.ttf]
[pixydrops.com/remons/assets/webfonts/fa-regular-400.woff2]
[pixydrops.com/remons/assets/webfonts/fa-solid-900.woff2]
[pixydrops.com/remons/assets/webfonts/fa-regular-400.ttf]
[pixydrops.com/remons/assets/webfonts/fa-v4compatibility.woff2]
[pixydrops.com/remons/assets/webfonts/fa-solid-900.ttf]
[pixydrops.com/remons/assets/css/all.min.css]
[pixydrops.com/remons/assets/css/animate.css]
[pixydrops.com/remons/assets/css/magnific-popup.css]
[pixydrops.com/remons/assets/css/meanmenu.css]
[pixydrops.com/remons/assets/css/datepickerboot.css]
[pixydrops.com/remons/assets/css/swiper-bundle.min.css]
[pixydrops.com/remons/assets/css/nice-select.css]
[pixydrops.com/remons/assets/webfonts/fa-v4compatibility.ttf]
[pixydrops.com/remons/assets/img/booking-bg.png]
[pixydrops.com/remons/assets/img/bg-shape-tire.png]
[pixydrops.com/remons/assets/img/plus.png]
[pixydrops.com/remons/assets/img/minus.png]
[pixydrops.com/remons/assets/img/gallery/bg-gallery-image.png]
[pixydrops.com/remons/assets/img/how-work/shape.png]
[pixydrops.com/remons/assets/img/rental-benefit-bg.jpg]
[pixydrops.com/remons/assets/img/footer/bg-light-footer.png]
[pixydrops.com/remons/assets/img/footer/shape-map.png]
[pixydrops.com/remons/assets/img/bg-slideshow-01.jpg]
[pixydrops.com/remons/assets/img/hero/line.png]
[pixydrops.com/remons/assets/img/hero/line-2.png]
[pixydrops.com/remons/assets/img/car/car-bg.jpg]
[pixydrops.com/remons/assets/img/testimonial/bg-30.png]
[pixydrops.com/remons/assets/css/main.css]
[pixydrops.com/remons/assets/img/logo/black-logo.svg]
[pixydrops.com/remons/assets/img/bg-header-banner.jpg]
[pixydrops.com/remons/assets/img/contact.jpg]
[pixydrops.com/remons/assets/img/question.png]
[pixydrops.com/remons/assets/img/email.png]
[pixydrops.com/remons/assets/img/location.png]
[pixydrops.com/remons/assets/js/ajax-mail.js]
[pixydrops.com/remons/contact.html]
[pixydrops.com/remons/assets/img/hero/hero-bg.jpg]
[pixydrops.com/remons/assets/img/circle.png]
[pixydrops.com/remons/assets/img/hero/shadow.png]
[pixydrops.com/remons/assets/img/bg-slideshow-02.jpg]
[pixydrops.com/remons/assets/img/hero/top-img.png]
[pixydrops.com/remons/assets/img/hero/circle.png]
[pixydrops.com/remons/assets/img/hero/car.png]
[pixydrops.com/remons/assets/img/car/icon/01.png]
[pixydrops.com/remons/assets/img/car/icon/02.png]
[pixydrops.com/remons/assets/img/car/icon/03.png]
[pixydrops.com/remons/assets/img/car/icon/04.png]
[pixydrops.com/remons/assets/img/car/icon/05.png]
[pixydrops.com/remons/assets/img/car/icon/06.png]
[pixydrops.com/remons/assets/img/about/01.png]
[pixydrops.com/remons/assets/img/how-work/icon-1.png]
[pixydrops.com/remons/assets/img/how-work/icon-11.png]
[pixydrops.com/remons/assets/img/how-work/icon-2.png]
[pixydrops.com/remons/assets/img/how-work/icon-22.png]
[pixydrops.com/remons/assets/img/how-work/icon-3.png]
[pixydrops.com/remons/assets/img/how-work/icon-33.png]
[pixydrops.com/remons/assets/img/how-work/icon-4.png]
[pixydrops.com/remons/assets/img/how-work/icon-44.png]
[pixydrops.com/remons/assets/img/big-stretch-left-image.jpg]
[pixydrops.com/remons/assets/img/feature-benefit/icon-4.png]
[pixydrops.com/remons/assets/img/feature-benefit/icon-5.png]
[pixydrops.com/remons/assets/img/feature-benefit/icon-6.png]
[pixydrops.com/remons/assets/img/bg-shape-saleoff.png]
[pixydrops.com/remons/assets/img/bagde.png]
[pixydrops.com/remons/assets/img/car.png]
[pixydrops.com/remons/assets/img/quote.png]
[pixydrops.com/remons/assets/img/testimonial/right-testimonial.png]
[pixydrops.com/remons/assets/img/car-slider/01.jpg]
[pixydrops.com/remons/assets/img/car-slider/02.jpg]
[pixydrops.com/remons/assets/img/car-slider/03.jpg]
[pixydrops.com/remons/assets/img/car-slider/04.jpg]
[pixydrops.com/remons/assets/img/car-slider/05.jpg]
[pixydrops.com/remons/assets/img/car-slider/06.jpg]
[pixydrops.com/remons/index-2.html]
[pixydrops.com/remons/assets/img/logo/white-logo-2.svg]
[pixydrops.com/remons/assets/img/bg-slideshow-03.jpg]
[pixydrops.com/remons/assets/img/hero/icon.png]
[pixydrops.com/remons/assets/img/hero/hero-3.jpg]
[pixydrops.com/remons/assets/img/hero/line-shape-1.png]
[pixydrops.com/remons/assets/img/hero/line-shape-2.png]
[pixydrops.com/remons/assets/img/hero/hero-4.jpg]
[pixydrops.com/remons/assets/img/booking-man.png]
[pixydrops.com/remons/assets/img/car/05.jpg]
[pixydrops.com/remons/assets/img/car/06.jpg]
[pixydrops.com/remons/assets/img/car/07.jpg]
[pixydrops.com/remons/assets/img/car/08.jpg]
[pixydrops.com/remons/assets/img/car/09.jpg]
[pixydrops.com/remons/assets/img/car/10.jpg]
[pixydrops.com/remons/assets/img/gallery/g-10.jpg]
[pixydrops.com/remons/assets/img/gallery/g-11.jpg]
[pixydrops.com/remons/assets/img/gallery/g-12.jpg]
[pixydrops.com/remons/assets/img/gallery/g-13.jpg]
[pixydrops.com/remons/assets/img/gallery/icon.png]
[pixydrops.com/remons/assets/img/testimonial/bg-testimonial-home3.png]
[pixydrops.com/remons/assets/img/testimonial/01.jpg]
[pixydrops.com/remons/assets/img/testimonial/02.jpg]
[pixydrops.com/remons/assets/img/testimonial/03.jpg]
[pixydrops.com/remons/assets/img/f-booking-01.jpg]
[pixydrops.com/remons/assets/img/f-booking-02.jpg]
[pixydrops.com/remons/assets/img/f-booking-03.jpg]
[pixydrops.com/remons/assets/img/team/border.png]
[pixydrops.com/remons/assets/img/team/team-01.jpg]
[pixydrops.com/remons/assets/img/team/team-02.jpg]
[pixydrops.com/remons/assets/img/team/team-03.jpg]
[pixydrops.com/remons/assets/img/news/bg.jpg]
[pixydrops.com/remons/assets/img/cta/cta-service.jpg]
[pixydrops.com/remons/assets/img/car-slideshow-2.png]
[pixydrops.com/remons/assets/img/faq.png]
[pixydrops.com/remons/assets/img/faq-color-shape.png]
[pixydrops.com/remons/index-3.html]
[pixydrops.com/remons/about.html]
[pixydrops.com/remons/assets/img/news/04.jpg]
[pixydrops.com/remons/assets/img/news/05.jpg]
[pixydrops.com/remons/assets/img/news/06.jpg]
[pixydrops.com/remons/news.html]
[pixydrops.com/remons/assets/img/gallery/g-14.jpg]
[pixydrops.com/remons/assets/img/gallery/g-15.jpg]
[pixydrops.com/remons/assets/img/gallery/g-16.jpg]
[pixydrops.com/remons/assets/img/gallery/g-17.jpg]
[pixydrops.com/remons/assets/img/gallery/g-18.jpg]
[pixydrops.com/remons/assets/img/gallery/g-19.jpg]
[pixydrops.com/remons/assets/img/gallery/g-20.jpg]
[pixydrops.com/remons/gallery.html]
[pixydrops.com/remons/faq.html]
[pixydrops.com/remons/program-details.html]
[pixydrops.com/remons/car-grid.html]
[pixydrops.com/remons/assets/img/car/car-list-1.jpg]
[pixydrops.com/remons/assets/img/car/car-list-2.jpg]
[pixydrops.com/remons/assets/img/car/car-list-3.jpg]
[pixydrops.com/remons/assets/img/car/car-list-4.jpg]
[pixydrops.com/remons/assets/img/car/car-list-5.jpg]
[pixydrops.com/remons/assets/img/car/car-list-6.jpg]
[pixydrops.com/remons/car-list.html]
[pixydrops.com/remons/car-list-sidebar.html]
[pixydrops.com/remons/assets/img/car/car-details.jpg]
[pixydrops.com/remons/assets/img/car/icon/07.png]
[pixydrops.com/remons/assets/img/car/car-details-2.jpg]
[pixydrops.com/remons/assets/img/car/comment01.png]
[pixydrops.com/remons/assets/img/car/comment02.png]
[pixydrops.com/remons/car-details.html]
[pixydrops.com/remons/assets/img/news/news-details.jpg]
[pixydrops.com/remons/assets/img/news/pp1.jpg]
[pixydrops.com/remons/assets/img/news/pp2.jpg]
[pixydrops.com/remons/assets/img/news/pp3.jpg]
[pixydrops.com/remons/news-standard.html]
[pixydrops.com/remons/news-details.html]
[pixydrops.com/remons/assets/img/car/seat.svg]
[pixydrops.com/remons/assets/img/car/door.svg]
[pixydrops.com/remons/assets/img/car/automatic.svg]
[pixydrops.com/remons/assets/img/car/petrol.svg]
[pixydrops.com/remons/assets/img/logo/white-logo.svg]
[pixydrops.com/remons/assets/js/jquery-3.7.1.min.js]
[pixydrops.com/remons/assets/js/viewport.jquery.js]
[pixydrops.com/remons/assets/js/bootstrap.bundle.min.js]
[pixydrops.com/remons/assets/js/jquery.nice-select.min.js]
[pixydrops.com/remons/assets/js/jquery.waypoints.js]
[pixydrops.com/remons/assets/js/jquery.counterup.min.js]
[pixydrops.com/remons/assets/js/bootstrap-datepicker.js]
[pixydrops.com/remons/${l}]
[pixydrops.com/remons/e]
[pixydrops.com/remons/t.params.url]
[pixydrops.com/remons/assets/js/swiper-bundle.min.js]
[pixydrops.com/remons/assets/js/jquery.meanmenu.min.js]
[pixydrops.com/remons/assets/js/jquery.magnific-popup.min.js]
[pixydrops.com/remons/assets/js/animation.js]
[pixydrops.com/remons/assets/js/wow.min.js]
[pixydrops.com/remons/assets/js/main.js]
[pixydrops.com/remons/assets/js/ajax-mail.js]
[pixydrops.com/remons/assets/img/logo/white-logo-2.svg]
[pixydrops.com/remons/news-standard.html]
[pixydrops.com/remons/${l}.html]
[pixydrops.com/remons/e.html]
[pixydrops.com/remons/t.params.html]
